{smcl}
{com}{sf}{ul off}{txt}{.-}
      name:  {res}<unnamed>
       {txt}log:  {res}C:\Users\LENIVO\documents\stata_scripts\health_research\health.smcl
  {txt}log type:  {res}smcl
 {txt}opened on:  {res} 2 May 2025, 19:47:24
{txt}
{com}. 
{txt}end of do-file

{com}. do "C:\Users\LENIVO\AppData\Local\Temp\STD5164_000000.tmp"
{txt}
{com}. h import excel
{txt}
{com}. 
{txt}end of do-file

{com}. do "C:\Users\LENIVO\AppData\Local\Temp\STD5164_000000.tmp"
{txt}
{com}. import excel using "C:\Users\LENIVO\Documents\Data_Sources\r_data.xlsx"
{res}{text}(6 vars, 65 obs)

{com}. 
{txt}end of do-file

{com}. do "C:\Users\LENIVO\AppData\Local\Temp\STD5164_000000.tmp"
{txt}
{com}. br
{txt}
{com}. 
{txt}end of do-file

{com}. do "C:\Users\LENIVO\AppData\Local\Temp\STD5164_000000.tmp"
{txt}
{com}. ed
{txt}
{com}. 
{txt}end of do-file

{com}. do "C:\Users\LENIVO\AppData\Local\Temp\STD5164_000000.tmp"
{txt}
{com}. cl

     {txt}        A                  B                  C                  D                  E                  F
  1. {res}     year           gdp in $   gdp per capita $        gee_pof_gdp        LF Pat_rate        ghe_pof_gdp
{txt}  2. {res}     2023  6411869546.289289            727.616   6.79109716415405             54.844                   
{txt}  3. {res}     2022  7119137321.900816  827.2809999999999    8.5391845703125             54.914  7.947523120000001
{txt}  4. {res}     2021  7165214367.649559            880.024   9.44223594665527             54.547         8.55334377
{txt}  5. {res}     2020  6688594757.621292            837.636  8.809548377990721             54.319  9.325886730000002
{txt}  6. {res}     2019  6523577590.383188  834.3680000000001   7.44701194763184             54.842  9.129926680000001
{txt}  7. {res}     2018  6390514688.528162  835.3150000000001   6.98962783813477              54.96  8.289875980000001
{txt}  8. {res}     2017  5818480351.637065            777.629   4.66086006164551             55.688  9.399761199999999
{txt}  9. {res}     2016  6042615859.610744             823.87   2.91133999824524             56.411        15.78850651
{txt} 10. {res}     2015  6651626733.648542            941.231   2.66290760040283              57.13        19.65816307
{txt} 11. {res}     2014  7845456215.278069            929.266    2.3798131942749             57.847        19.69004631
{txt} 12. {res}     2013  7697098118.199219              981.3   2.88159847259521             58.877        11.59017754
{txt} 13. {res}     2012  5927684219.152779            856.045    2.6782546043396             59.897  8.943551060000001
{txt} 14. {res}     2011  4587078913.133151            731.154   2.58851051330566             60.908        10.76753807
{txt} 15. {res}     2010  4033122830.144238            650.602    2.8182098865509             61.911  9.126883510000001
{txt} 16. {res}     2009  3784165906.103703            605.023    2.4658899307251             62.908  9.684222219999999
{txt} 17. {res}     2008  3835603778.615905            640.087    2.5967800617218             63.897  8.811581609999999
{txt} 18. {res}     2007  3326853435.598318            576.116    2.8372700214386             64.881  8.522838589999999
{txt} 19. {res}     2006  2912986118.074526  539.3099999999999   3.14692997932434             65.858         9.02353287
{txt} 20. {res}     2005  2545275312.605119            484.905   3.29900002479553             66.827  9.043958660000001
{txt} 21. {res}     2004   2237350963.27352            430.454   3.59434008598328             67.788  8.670614239999999
{txt} 22. {res}     2003  2142618349.810988            426.455   3.48251008987427             66.379          8.4533062
{txt} 23. {res}     2002  1933864034.188003            400.707   4.94936990737915             66.377         9.40313911
{txt} 24. {res}     2001  1681473752.384701            363.023                                66.318  8.365645410000001
{txt} 25. {res}     2000  635866403.7760651            326.755                                66.368         8.48961735
{txt} 26. {res}     1999  669386623.9514022            348.493                                66.339                   
{txt} 27. {res}     1998  672368187.1147556            356.506                                66.328                   
{txt} 28. {res}     1997  850233193.1542335            455.422                                66.315                   
{txt} 29. {res}     1996  941708911.1115335            507.277                     66.33499999999999                   
{txt} 30. {res}     1995  870740484.0650369            470.764                                66.319                   
{txt} 31. {res}     1994  911854256.1636208            491.526                                66.342                   
{txt} 32. {res}     1993  768868447.9727043            412.618                                 66.34                   
{txt} 33. {res}     1992  679941041.3024013            363.339                                66.321                   
{txt} 34. {res}     1991  779981458.9214889            416.697                     66.38800000000001                   
{txt} 35. {res}     1990  649644826.8004473            349.367                                66.373                   
{txt} 36. {res}     1989  932974420.2765286            645.144                                54.583                   
{txt} 37. {res}     1988  1055083933.074983            718.879                                                         
{txt} 38. {res}     1987  660106336.1043386            447.921                                                         
{txt} 39. {res}     1986  490181456.6244097             525.42                                                         
{txt} 40. {res}     1985  856890459.3639576            717.241                                                         
{txt} 41. {res}     1984  1087471861.989283            859.633                                                         
{txt} 42. {res}     1983  995104305.3470745            747.232                                                         
{txt} 43. {res}     1982  1295361885.924192            879.697                                                         
{txt} 44. {res}     1981  1114830471.917867            798.764                                                         
{txt} 45. {res}     1980  1100685844.922843            763.514                                                         
{txt} 46. {res}     1979  1109374911.303064                                                                            
{txt} 47. {res}     1978  960728338.9364305                                                                            
{txt} 48. {res}     1977  691777583.9511557                                                                            
{txt} 49. {res}     1976  594895941.9143811                                                                            
{txt} 50. {res}     1975  679336343.5845588                                                                            
{txt} 51. {res}     1974  648590642.9398886                                                                            
{txt} 52. {res}     1973   575230724.377773                                                                            
{txt} 53. {res}     1972  465381339.7404038                                                                            
{txt} 54. {res}     1971  419549304.7247904                                                                            
{txt} 55. {res}     1970  434410973.7643895                                                                            
{txt} 56. {res}     1969  408690163.4760654                                                                            
{txt} 57. {res}     1968  329859731.9438928                                                                            
{txt} 58. {res}     1967  348795303.0003852                                                                            
{txt} 59. {res}     1966  375479849.8080601                                                                            
{txt} 60. {res}     1965  359379856.2480575                                                                            
{txt} 61. {res}     1964   371847461.441278                                                                            
{txt} 62. {res}     1963  348547278.7877066                                                                            
{txt} 63. {res}     1962  342721416.4909668                                                                            
{txt} 64. {res}     1961  327834190.5770944                                                                            
{txt} 65. {res}     1960  322009961.5470484                                                                            
{txt}
{com}. 
{txt}end of do-file

{com}. do "C:\Users\LENIVO\AppData\Local\Temp\STD5164_000000.tmp"
{txt}
{com}. h cl
{txt}
{com}. 
{txt}end of do-file

{com}. do "C:\Users\LENIVO\AppData\Local\Temp\STD5164_000000.tmp"
{txt}
{com}. list
{txt}
     {c TLC}{hline 6}{c -}{hline 19}{c -}{hline 19}{c -}{hline 19}{c -}{hline 19}{c -}{hline 19}{c TRC}
     {c |} {res}   A                   B                   C                   D                   E                   F {txt}{c |}
     {c LT}{hline 6}{c -}{hline 19}{c -}{hline 19}{c -}{hline 19}{c -}{hline 19}{c -}{hline 19}{c RT}
  1. {c |} {res}year            gdp in $    gdp per capita $         gee_pof_gdp         LF Pat_rate         ghe_pof_gdp {txt}{c |}
  2. {c |} {res}2023   6411869546.289289             727.616    6.79109716415405              54.844                     {txt}{c |}
  3. {c |} {res}2022   7119137321.900816   827.2809999999999     8.5391845703125              54.914   7.947523120000001 {txt}{c |}
  4. {c |} {res}2021   7165214367.649559             880.024    9.44223594665527              54.547          8.55334377 {txt}{c |}
  5. {c |} {res}2020   6688594757.621292             837.636   8.809548377990721              54.319   9.325886730000002 {txt}{c |}
     {c LT}{hline 6}{c -}{hline 19}{c -}{hline 19}{c -}{hline 19}{c -}{hline 19}{c -}{hline 19}{c RT}
  6. {c |} {res}2019   6523577590.383188   834.3680000000001    7.44701194763184              54.842   9.129926680000001 {txt}{c |}
  7. {c |} {res}2018   6390514688.528162   835.3150000000001    6.98962783813477               54.96   8.289875980000001 {txt}{c |}
  8. {c |} {res}2017   5818480351.637065             777.629    4.66086006164551              55.688   9.399761199999999 {txt}{c |}
  9. {c |} {res}2016   6042615859.610744              823.87    2.91133999824524              56.411         15.78850651 {txt}{c |}
 10. {c |} {res}2015   6651626733.648542             941.231    2.66290760040283               57.13         19.65816307 {txt}{c |}
     {c LT}{hline 6}{c -}{hline 19}{c -}{hline 19}{c -}{hline 19}{c -}{hline 19}{c -}{hline 19}{c RT}
 11. {c |} {res}2014   7845456215.278069             929.266     2.3798131942749              57.847         19.69004631 {txt}{c |}
 12. {c |} {res}2013   7697098118.199219               981.3    2.88159847259521              58.877         11.59017754 {txt}{c |}
 13. {c |} {res}2012   5927684219.152779             856.045     2.6782546043396              59.897   8.943551060000001 {txt}{c |}
 14. {c |} {res}2011   4587078913.133151             731.154    2.58851051330566              60.908         10.76753807 {txt}{c |}
 15. {c |} {res}2010   4033122830.144238             650.602     2.8182098865509              61.911   9.126883510000001 {txt}{c |}
     {c LT}{hline 6}{c -}{hline 19}{c -}{hline 19}{c -}{hline 19}{c -}{hline 19}{c -}{hline 19}{c RT}
 16. {c |} {res}2009   3784165906.103703             605.023     2.4658899307251              62.908   9.684222219999999 {txt}{c |}
 17. {c |} {res}2008   3835603778.615905             640.087     2.5967800617218              63.897   8.811581609999999 {txt}{c |}
 18. {c |} {res}2007   3326853435.598318             576.116     2.8372700214386              64.881   8.522838589999999 {txt}{c |}
 19. {c |} {res}2006   2912986118.074526   539.3099999999999    3.14692997932434              65.858          9.02353287 {txt}{c |}
 20. {c |} {res}2005   2545275312.605119             484.905    3.29900002479553              66.827   9.043958660000001 {txt}{c |}
     {c LT}{hline 6}{c -}{hline 19}{c -}{hline 19}{c -}{hline 19}{c -}{hline 19}{c -}{hline 19}{c RT}
 21. {c |} {res}2004    2237350963.27352             430.454    3.59434008598328              67.788   8.670614239999999 {txt}{c |}
 22. {c |} {res}2003   2142618349.810988             426.455    3.48251008987427              66.379           8.4533062 {txt}{c |}
 23. {c |} {res}2002   1933864034.188003             400.707    4.94936990737915              66.377          9.40313911 {txt}{c |}
 24. {c |} {res}2001   1681473752.384701             363.023                                  66.318   8.365645410000001 {txt}{c |}
 25. {c |} {res}2000   635866403.7760651             326.755                                  66.368          8.48961735 {txt}{c |}
     {c LT}{hline 6}{c -}{hline 19}{c -}{hline 19}{c -}{hline 19}{c -}{hline 19}{c -}{hline 19}{c RT}
 26. {c |} {res}1999   669386623.9514022             348.493                                  66.339                     {txt}{c |}
 27. {c |} {res}1998   672368187.1147556             356.506                                  66.328                     {txt}{c |}
 28. {c |} {res}1997   850233193.1542335             455.422                                  66.315                     {txt}{c |}
 29. {c |} {res}1996   941708911.1115335             507.277                       66.33499999999999                     {txt}{c |}
 30. {c |} {res}1995   870740484.0650369             470.764                                  66.319                     {txt}{c |}
     {c LT}{hline 6}{c -}{hline 19}{c -}{hline 19}{c -}{hline 19}{c -}{hline 19}{c -}{hline 19}{c RT}
 31. {c |} {res}1994   911854256.1636208             491.526                                  66.342                     {txt}{c |}
 32. {c |} {res}1993   768868447.9727043             412.618                                   66.34                     {txt}{c |}
 33. {c |} {res}1992   679941041.3024013             363.339                                  66.321                     {txt}{c |}
 34. {c |} {res}1991   779981458.9214889             416.697                       66.38800000000001                     {txt}{c |}
 35. {c |} {res}1990   649644826.8004473             349.367                                  66.373                     {txt}{c |}
     {c LT}{hline 6}{c -}{hline 19}{c -}{hline 19}{c -}{hline 19}{c -}{hline 19}{c -}{hline 19}{c RT}
 36. {c |} {res}1989   932974420.2765286             645.144                                  54.583                     {txt}{c |}
 37. {c |} {res}1988   1055083933.074983             718.879                                                             {txt}{c |}
 38. {c |} {res}1987   660106336.1043386             447.921                                                             {txt}{c |}
 39. {c |} {res}1986   490181456.6244097              525.42                                                             {txt}{c |}
 40. {c |} {res}1985   856890459.3639576             717.241                                                             {txt}{c |}
     {c LT}{hline 6}{c -}{hline 19}{c -}{hline 19}{c -}{hline 19}{c -}{hline 19}{c -}{hline 19}{c RT}
 41. {c |} {res}1984   1087471861.989283             859.633                                                             {txt}{c |}
 42. {c |} {res}1983   995104305.3470745             747.232                                                             {txt}{c |}
 43. {c |} {res}1982   1295361885.924192             879.697                                                             {txt}{c |}
 44. {c |} {res}1981   1114830471.917867             798.764                                                             {txt}{c |}
 45. {c |} {res}1980   1100685844.922843             763.514                                                             {txt}{c |}
     {c LT}{hline 6}{c -}{hline 19}{c -}{hline 19}{c -}{hline 19}{c -}{hline 19}{c -}{hline 19}{c RT}
 46. {c |} {res}1979   1109374911.303064                                                                                 {txt}{c |}
 47. {c |} {res}1978   960728338.9364305                                                                                 {txt}{c |}
 48. {c |} {res}1977   691777583.9511557                                                                                 {txt}{c |}
 49. {c |} {res}1976   594895941.9143811                                                                                 {txt}{c |}
 50. {c |} {res}1975   679336343.5845588                                                                                 {txt}{c |}
     {c LT}{hline 6}{c -}{hline 19}{c -}{hline 19}{c -}{hline 19}{c -}{hline 19}{c -}{hline 19}{c RT}
 51. {c |} {res}1974   648590642.9398886                                                                                 {txt}{c |}
 52. {c |} {res}1973    575230724.377773                                                                                 {txt}{c |}
 53. {c |} {res}1972   465381339.7404038                                                                                 {txt}{c |}
 54. {c |} {res}1971   419549304.7247904                                                                                 {txt}{c |}
 55. {c |} {res}1970   434410973.7643895                                                                                 {txt}{c |}
     {c LT}{hline 6}{c -}{hline 19}{c -}{hline 19}{c -}{hline 19}{c -}{hline 19}{c -}{hline 19}{c RT}
 56. {c |} {res}1969   408690163.4760654                                                                                 {txt}{c |}
 57. {c |} {res}1968   329859731.9438928                                                                                 {txt}{c |}
 58. {c |} {res}1967   348795303.0003852                                                                                 {txt}{c |}
 59. {c |} {res}1966   375479849.8080601                                                                                 {txt}{c |}
 60. {c |} {res}1965   359379856.2480575                                                                                 {txt}{c |}
     {c LT}{hline 6}{c -}{hline 19}{c -}{hline 19}{c -}{hline 19}{c -}{hline 19}{c -}{hline 19}{c RT}
 61. {c |} {res}1964    371847461.441278                                                                                 {txt}{c |}
 62. {c |} {res}1963   348547278.7877066                                                                                 {txt}{c |}
 63. {c |} {res}1962   342721416.4909668                                                                                 {txt}{c |}
 64. {c |} {res}1961   327834190.5770944                                                                                 {txt}{c |}
 65. {c |} {res}1960   322009961.5470484                                                                                 {txt}{c |}
     {c BLC}{hline 6}{c -}{hline 19}{c -}{hline 19}{c -}{hline 19}{c -}{hline 19}{c -}{hline 19}{c BRC}

{com}. 
{txt}end of do-file

{com}. do "C:\Users\LENIVO\AppData\Local\Temp\STD5164_000000.tmp"
{txt}
{com}. list table
{err}variable {bf}table{sf} not found
{txt}{search r(111), local:r(111);}

end of do-file

{search r(111), local:r(111);}

{com}. do "C:\Users\LENIVO\AppData\Local\Temp\STD5164_000000.tmp"
{txt}
{com}. list [table]
{err}weights not allowed
{txt}{search r(101), local:r(101);}

end of do-file

{search r(101), local:r(101);}

{com}. do "C:\Users\LENIVO\AppData\Local\Temp\STD5164_000000.tmp"
{txt}
{com}. list [, table]
{err}weights not allowed
{txt}{search r(101), local:r(101);}

end of do-file

{search r(101), local:r(101);}

{com}. do "C:\Users\LENIVO\AppData\Local\Temp\STD5164_000000.tmp"
{txt}
{com}. clear
{txt}
{com}. 
{txt}end of do-file

{com}. do "C:\Users\LENIVO\AppData\Local\Temp\STD5164_000000.tmp"
{txt}
{com}. import excel using "C:\Users\LENIVO\Documents\Data_Sources\r_data.xlsx" [firstrow] clear
{err}weights not allowed
{txt}{search r(101), local:r(101);}

end of do-file

{search r(101), local:r(101);}

{com}. do "C:\Users\LENIVO\AppData\Local\Temp\STD5164_000000.tmp"
{txt}
{com}. import excel using "C:\Users\LENIVO\Documents\Data_Sources\r_data.xlsx" firstrow clear
{err}invalid 'firstrow' 
{txt}{search r(198), local:r(198);}

end of do-file

{search r(198), local:r(198);}

{com}. do "C:\Users\LENIVO\AppData\Local\Temp\STD5164_000000.tmp"
{txt}
{com}. import excel using "C:\Users\LENIVO\Documents\Data_Sources\r_data.xlsx" firstrow clear
{err}invalid 'firstrow' 
{txt}{search r(198), local:r(198);}

end of do-file

{search r(198), local:r(198);}

{com}. do "C:\Users\LENIVO\AppData\Local\Temp\STD5164_000000.tmp"
{txt}
{com}. import excel using "C:\Users\LENIVO\Documents\Data_Sources\r_data.xlsx" firstrow, clear
{err}invalid 'firstrow' 
{txt}{search r(198), local:r(198);}

end of do-file

{search r(198), local:r(198);}

{com}. do "C:\Users\LENIVO\AppData\Local\Temp\STD5164_000000.tmp"
{txt}
{com}. import excel using "C:\Users\LENIVO\Documents\Data_Sources\r_data.xlsx" clear
{err}invalid 'clear' 
{txt}{search r(198), local:r(198);}

end of do-file

{search r(198), local:r(198);}

{com}. do "C:\Users\LENIVO\AppData\Local\Temp\STD5164_000000.tmp"
{txt}
{com}. import excel using "C:\Users\LENIVO\Documents\Data_Sources\r_data.xlsx", clear
{res}{text}(6 vars, 65 obs)

{com}. 
{txt}end of do-file

{com}. do "C:\Users\LENIVO\AppData\Local\Temp\STD5164_000000.tmp"
{txt}
{com}. clear
{txt}
{com}. 
{txt}end of do-file

{com}. do "C:\Users\LENIVO\AppData\Local\Temp\STD5164_000000.tmp"
{txt}
{com}. import excel using "C:\Users\LENIVO\Documents\Data_Sources\r_data.xlsx", firstrow clear
{res}{text}(6 vars, 64 obs)

{com}. 
{txt}end of do-file

{com}. do "C:\Users\LENIVO\AppData\Local\Temp\STD5164_000000.tmp"
{txt}
{com}. br
{txt}
{com}. 
{txt}end of do-file

{com}. do "C:\Users\LENIVO\AppData\Local\Temp\STD5164_000000.tmp"
{txt}
{com}. mi rename lfpat_rate lf noupdate
{err}data not {bf:mi set}
{txt}{search r(119), local:r(119);}

end of do-file

{search r(119), local:r(119);}

{com}. do "C:\Users\LENIVO\AppData\Local\Temp\STD5164_000000.tmp"
{txt}
{com}. mi rename lfpat_rate lf, noupdate
{err}data not {bf:mi set}
{txt}{search r(119), local:r(119);}

end of do-file

{search r(119), local:r(119);}

{com}. do "C:\Users\LENIVO\AppData\Local\Temp\STD5164_000000.tmp"
{txt}
{com}. rename lfpat_rate lf
{res}{err}variable {bf}lfpat_rate{sf} not found
{txt}{search r(111), local:r(111);}

end of do-file

{search r(111), local:r(111);}

{com}. do "C:\Users\LENIVO\AppData\Local\Temp\STD5164_000000.tmp"
{txt}
{com}. rename LFPat_rate
{res}{err}syntax error
    Syntax is
        {bf:rename}  {it:oldname}    {it:newname}   [{bf:, renumber}[{bf:(}{it:#}{bf:)}] {bf:addnumber}[{bf:(}{it:#}{bf:)}] {bf:sort} ...]
        {bf:rename (}{it:oldnames}{bf:) (}{it:newnames}{bf:)} [{bf:, renumber}[{bf:(}{it:#}{bf:)}] {bf:addnumber}[{bf:(}{it:#}{bf:)}] {bf:sort} ...]
        {bf:rename}  {it:oldnames}              {bf:,} {{bf:upper}|{bf:lower}|{bf:proper}}
{txt}{search r(198), local:r(198);}

end of do-file

{search r(198), local:r(198);}

{com}. do "C:\Users\LENIVO\AppData\Local\Temp\STD5164_000000.tmp"
{txt}
{com}. rename LFPat_rate
{res}{err}syntax error
    Syntax is
        {bf:rename}  {it:oldname}    {it:newname}   [{bf:, renumber}[{bf:(}{it:#}{bf:)}] {bf:addnumber}[{bf:(}{it:#}{bf:)}] {bf:sort} ...]
        {bf:rename (}{it:oldnames}{bf:) (}{it:newnames}{bf:)} [{bf:, renumber}[{bf:(}{it:#}{bf:)}] {bf:addnumber}[{bf:(}{it:#}{bf:)}] {bf:sort} ...]
        {bf:rename}  {it:oldnames}              {bf:,} {{bf:upper}|{bf:lower}|{bf:proper}}
{txt}{search r(198), local:r(198);}

end of do-file

{search r(198), local:r(198);}

{com}. do "C:\Users\LENIVO\AppData\Local\Temp\STD5164_000000.tmp"
{txt}
{com}. br
{txt}
{com}. 
{txt}end of do-file

{com}. do "C:\Users\LENIVO\AppData\Local\Temp\STD5164_000000.tmp"
{txt}
{com}. ed
{txt}
{com}. 
{txt}end of do-file

{com}. label variable ghe_pof_gdp "Government Health Expenditure % of GDP"

. rename gee_pof_gdp gee_pof_gdpdf
{res}
{com}. do "C:\Users\LENIVO\AppData\Local\Temp\STD5164_000000.tmp"
{txt}
{com}. label variable (year, gdpin, gdppercapita) (Fiscal Year, GDP in Leones, GDP per Capita in $)
{err}( invalid name
{txt}{search r(198), local:r(198);}

end of do-file

{search r(198), local:r(198);}

{com}. do "C:\Users\LENIVO\AppData\Local\Temp\STD5164_000000.tmp"
{txt}
{com}. label variable (year, gdpin, gdppercapita) (Fiscal Year, GDP in Leones, GDP per Capita in USD)
{err}( invalid name
{txt}{search r(198), local:r(198);}

end of do-file

{search r(198), local:r(198);}

{com}. do "C:\Users\LENIVO\AppData\Local\Temp\STD5164_000000.tmp"
{txt}
{com}. label dir
{txt}
{com}. 
{txt}end of do-file

{com}. do "C:\Users\LENIVO\AppData\Local\Temp\STD5164_000000.tmp"
{txt}
{com}. label variable (year, gdpin, gdppercapita) ("Fiscal Year", "GDP in Leones", "GDP per Capita in USD")
{err}( invalid name
{txt}{search r(198), local:r(198);}

end of do-file

{search r(198), local:r(198);}

{com}. do "C:\Users\LENIVO\AppData\Local\Temp\STD5164_000000.tmp"
{txt}
{com}. label variable ("year", "gdpin", "gdppercapita") ("Fiscal Year", "GDP in Leones", "GDP per Capita in USD")
{err}( invalid name
{txt}{search r(198), local:r(198);}

end of do-file

{search r(198), local:r(198);}

{com}. do "C:\Users\LENIVO\AppData\Local\Temp\STD5164_000000.tmp"
{txt}
{com}. label variable year "Fiscal Year"
{txt}
{com}. 
{txt}end of do-file

{com}. do "C:\Users\LENIVO\AppData\Local\Temp\STD5164_000000.tmp"
{txt}
{com}. label variable gdpin "GDP in Leones"
{txt}
{com}. 
{txt}end of do-file

{com}. do "C:\Users\LENIVO\AppData\Local\Temp\STD5164_000000.tmp"
{txt}
{com}. label variable gdppercapita "GDP per Capita USD"
{txt}
{com}. label variable gee_pof_gdpdf "Govt Edu Exp % of GDP"
{txt}
{com}. label variable LFPat_rate "Labor Force Partcipation Rate"
{txt}
{com}. label variable ghe_pof_gdp "Govt Health Exp % of GDP"
{txt}
{com}. 
{txt}end of do-file

{com}. do "C:\Users\LENIVO\AppData\Local\Temp\STD5164_000000.tmp"
{txt}
{com}. rename (gdpin, gdppercapita, gee_pof_gdpdf, LFPat_rate) (gdp_sll, gdpcapita, gee, lf)
{res}{err}3 new variable names invalid
{p 4 4 2}
You attempted to rename {bf:gdpin} to {bf:gdp_sll,}{err},
{bf:gdppercapita} to {bf:gdpcapita,}{err}, ...
Those are invalid Stata variable names.
{p_end}
{txt}{search r(198), local:r(198);}

end of do-file

{search r(198), local:r(198);}

{com}. do "C:\Users\LENIVO\AppData\Local\Temp\STD5164_000000.tmp"
{txt}
{com}. rename (gdpin, gdppercapita, gee_pof_gdpdf, LFPat_rate) ("gdp_sll", "gdpcapita", "gee", "lf")
{res}{err}4 new variable names invalid
{p 4 4 2}
You attempted to rename {bf:gdpin} to {bf:"gdp_sll",}{err},
{bf:gdppercapita} to {bf:"gdpcapita",}{err}, ...
Those are invalid Stata variable names.
{p_end}
{txt}{search r(198), local:r(198);}

end of do-file

{search r(198), local:r(198);}

{com}. do "C:\Users\LENIVO\AppData\Local\Temp\STD5164_000000.tmp"
{txt}
{com}. rename gdpin "gdp_sll"
{res}{err}"gdp_sll invalid name
{txt}{search r(198), local:r(198);}

end of do-file

{search r(198), local:r(198);}

{com}. do "C:\Users\LENIVO\AppData\Local\Temp\STD5164_000000.tmp"
{txt}
{com}. rename gdpin "gdple"
{res}{err}"gdple invalid name
{txt}{search r(198), local:r(198);}

end of do-file

{search r(198), local:r(198);}

{com}. do "C:\Users\LENIVO\AppData\Local\Temp\STD5164_000000.tmp"
{txt}
{com}. rename gdpin gdple
{res}{txt}
{com}. rename gdppercapita gdpcapita
{res}{txt}
{com}. rename gee_pof_gdpdf gee
{res}{txt}
{com}. rename LFPat_rate lf
{res}{txt}
{com}. 
{txt}end of do-file

{com}. format %3.0g year

. format %tyCCYY_!A!D year

. format %ty year

. format %12.0f gdple

. do "C:\Users\LENIVO\AppData\Local\Temp\STD5164_000000.tmp"
{txt}
{com}. format %4.2f gdpcapita
{txt}
{com}. 
{txt}end of do-file

{com}. do "C:\Users\LENIVO\AppData\Local\Temp\STD5164_000000.tmp"
{txt}
{com}. format %2.2f gee
{err}invalid %format
{txt}{search r(120), local:r(120);}

end of do-file

{search r(120), local:r(120);}

{com}. do "C:\Users\LENIVO\AppData\Local\Temp\STD5164_000000.tmp"
{txt}
{com}. format %2.2f gee
{err}invalid %format
{txt}{search r(120), local:r(120);}

end of do-file

{search r(120), local:r(120);}

{com}. do "C:\Users\LENIVO\AppData\Local\Temp\STD5164_000000.tmp"
{txt}
{com}. format %3.2f gee
{txt}
{com}. format %3.2F lf
{err}invalid %format
{txt}{search r(120), local:r(120);}

end of do-file

{search r(120), local:r(120);}

{com}. do "C:\Users\LENIVO\AppData\Local\Temp\STD5164_000000.tmp"
{txt}
{com}. format %3.2f ghe_pof_gdp
{txt}
{com}. 
{txt}end of do-file

{com}. tsset year, yearly
{res}
{p 0 15 2}{txt:Time variable: }{res:year}{txt:, }{res:{bind:1960}}{txt: to }{res:{bind:2023}}{p_end}
{txt}{col 9}Delta: {res}1 year

{com}. dfgls gdple

{txt}DF-GLS test for unit root{col 45}Number of obs = {res}{ralign 2:53}
{txt}Variable: {res}gdple
{txt}Lag selection: Schwert criterion{col 45}{lalign 13:Maximum lag} = {res}{ralign 2:10}

{txt}{col 30}{hline 8} Critical value {hline 9}
 [lags]{col 14}DF-GLS tau           1%           5%          10%
{hline 62}
     10{col 11}{res}       -1.994       -3.717       -2.729       -2.449
      {txt}9{col 11}{res}       -2.124       -3.717       -2.779       -2.499
      {txt}8{col 11}{res}       -1.911       -3.717       -2.831       -2.551
      {txt}7{col 11}{res}       -1.580       -3.717       -2.883       -2.601
      {txt}6{col 11}{res}       -1.245       -3.717       -2.935       -2.651
      {txt}5{col 11}{res}       -1.223       -3.717       -2.985       -2.698
      {txt}4{col 11}{res}       -1.071       -3.717       -3.032       -2.743
      {txt}3{col 11}{res}       -1.042       -3.717       -3.076       -2.783
      {txt}2{col 11}{res}       -1.154       -3.717       -3.116       -2.820
      {txt}1{col 11}{res}       -1.842       -3.717       -3.150       -2.851
{txt}{hline 62}
Opt lag (Ng–Perron seq t) = {res}{ralign 1:2}{txt} with RMSE = {res}{ralign 8:3.63e+08}
{txt}Min SIC  = {res} 39.64303{txt} at lag {res}{ralign 1:2}{txt} with RMSE = {res}{ralign 8:3.63e+08}
{txt}Min MAIC = {res}  39.5538{txt} at lag {res}{ralign 1:2}{txt} with RMSE = {res}{ralign 8:3.63e+08}

{com}. do "C:\Users\LENIVO\AppData\Local\Temp\STD5164_000000.tmp"
{txt}
{com}. graph twoway line gdple
{err}too few variables specified
{txt}{search r(102), local:r(102);}

end of do-file

{search r(102), local:r(102);}

{com}. do "C:\Users\LENIVO\AppData\Local\Temp\STD5164_000000.tmp"
{txt}
{com}. graph line gdple
{err}{p 0 4 2}
linegraph_g.new  gdple: class member function not found
{p_end}
{txt}{search r(4023), local:r(4023);}

end of do-file

{search r(4023), local:r(4023);}

{com}. do "C:\Users\LENIVO\AppData\Local\Temp\STD5164_000000.tmp"
{txt}
{com}. line gdple
{err}too few variables specified
{txt}{search r(102), local:r(102);}

end of do-file

{search r(102), local:r(102);}

{com}. do "C:\Users\LENIVO\AppData\Local\Temp\STD5164_000000.tmp"
{txt}
{com}. tw line gdp_sll year
{err}variable {bf}gdp_sll{sf} not found
{txt}{search r(111), local:r(111);}

end of do-file

{search r(111), local:r(111);}

{com}. do "C:\Users\LENIVO\AppData\Local\Temp\STD5164_000000.tmp"
{txt}
{com}. tw line gdple year
{res}{txt}
{com}. 
{txt}end of do-file

{com}. do "C:\Users\LENIVO\AppData\Local\Temp\STD5164_000000.tmp"
{txt}
{com}. tw line gdpcapita year
{res}{txt}
{com}. 
{txt}end of do-file

{com}. do "C:\Users\LENIVO\AppData\Local\Temp\STD5164_000000.tmp"
{txt}
{com}. dfgls gdpcapita

{txt}DF-GLS test for unit root{col 45}Number of obs = {res}{ralign 2:34}
{txt}Variable: {res}gdpcapita
{txt}Lag selection: Schwert criterion{col 45}{lalign 13:Maximum lag} = {res}{ralign 2:9}

{txt}{col 30}{hline 8} Critical value {hline 9}
 [lags]{col 14}DF-GLS tau           1%           5%          10%
{hline 62}
      9{col 11}{res}       -2.178       -3.770       -2.712       -2.398
      {txt}8{col 11}{res}       -1.629       -3.770       -2.768       -2.464
      {txt}7{col 11}{res}       -1.937       -3.770       -2.836       -2.537
      {txt}6{col 11}{res}       -1.160       -3.770       -2.912       -2.615
      {txt}5{col 11}{res}       -1.466       -3.770       -2.993       -2.695
      {txt}4{col 11}{res}       -0.977       -3.770       -3.074       -2.773
      {txt}3{col 11}{res}       -1.309       -3.770       -3.152       -2.846
      {txt}2{col 11}{res}       -1.074       -3.770       -3.222       -2.912
      {txt}1{col 11}{res}       -1.383       -3.770       -3.283       -2.968
{txt}{hline 62}
Opt lag (Ng–Perron seq t) = {res}{ralign 1:9}{txt} with RMSE = {res}{ralign 8:50.97939}
{txt}Min SIC  = {res} 8.817798{txt} at lag {res}{ralign 1:7}{txt} with RMSE = {res}{ralign 8:54.27335}
{txt}Min MAIC = {res} 8.786782{txt} at lag {res}{ralign 1:6}{txt} with RMSE = {res}{ralign 8:63.34278}
{txt}
{com}. 
{txt}end of do-file

{com}. do "C:\Users\LENIVO\AppData\Local\Temp\STD5164_000000.tmp"
{txt}
{com}. dfuller gdpcapita

{txt}Dickey–Fuller test for unit root{col 44}Number of obs  = {res}{ralign 2:43}
{txt}Variable: {res}gdpcapita{txt}{col 44}Number of lags = {res}{ralign 2:0}

{txt}H0: Random walk without drift, d = 0

{col 40}Dickey–Fuller
{col 20}Test{col 30}{hline 8} critical value {hline 9}
              statistic           1%           5%          10%
{hline 62}
 Z(t)       {res}     -1.612       -3.628       -2.950       -2.608
{txt}{hline 62}
MacKinnon approximate {it:p}-value for Z(t) = {res}0.4769{txt}.

{com}. 
{txt}end of do-file

{com}. do "C:\Users\LENIVO\AppData\Local\Temp\STD5164_000000.tmp"
{txt}
{com}. pperron gdpcapita

{txt}Phillips–Perron test for unit root{col 43}Number of obs   = {res}{ralign 2:43}
{txt}Variable: {res}gdpcapita{txt}{col 43}Newey–West lags = {res}{ralign 2:3}

{txt}H0: Random walk without drift, d = 0

{col 40}Dickey–Fuller
{col 20}Test{col 30}{hline 8} critical value {hline 9}
              statistic           1%           5%          10%
{hline 62}
 Z(rho)     {res}     -4.725      -18.424      -13.076      -10.560
{txt} Z(t)       {res}     -1.566       -3.628       -2.950       -2.608
{txt}{hline 62}
MacKinnon approximate {it:p}-value for Z(t) = {res}0.5005{txt}.

{com}. 
{txt}end of do-file

{com}. do "C:\Users\LENIVO\AppData\Local\Temp\STD5164_000000.tmp"
{txt}
{com}. dfgls l.gdpcapita

{txt}DF-GLS test for unit root{col 45}Number of obs = {res}{ralign 2:33}
{txt}Variable: {res}L.gdpcapita
{txt}Lag selection: Schwert criterion{col 45}{lalign 13:Maximum lag} = {res}{ralign 2:9}

{txt}{col 30}{hline 8} Critical value {hline 9}
 [lags]{col 14}DF-GLS tau           1%           5%          10%
{hline 62}
      9{col 11}{res}       -1.960       -3.770       -2.710       -2.392
      {txt}8{col 11}{res}       -1.458       -3.770       -2.764       -2.457
      {txt}7{col 11}{res}       -1.767       -3.770       -2.832       -2.531
      {txt}6{col 11}{res}       -1.027       -3.770       -2.909       -2.610
      {txt}5{col 11}{res}       -1.364       -3.770       -2.992       -2.692
      {txt}4{col 11}{res}       -0.886       -3.770       -3.075       -2.773
      {txt}3{col 11}{res}       -1.202       -3.770       -3.156       -2.850
      {txt}2{col 11}{res}       -0.976       -3.770       -3.230       -2.918
      {txt}1{col 11}{res}       -1.260       -3.770       -3.293       -2.976
{txt}{hline 62}
Opt lag (Ng–Perron seq t) = {res}{ralign 1:7}{txt} with RMSE = {res}{ralign 8:54.52271}
{txt}Min SIC  = {res} 8.844873{txt} at lag {res}{ralign 1:7}{txt} with RMSE = {res}{ralign 8:54.52271}
{txt}Min MAIC = {res} 8.744042{txt} at lag {res}{ralign 1:6}{txt} with RMSE = {res}{ralign 8:62.46668}
{txt}
{com}. 
{txt}end of do-file

{com}. do "C:\Users\LENIVO\AppData\Local\Temp\STD5164_000000.tmp"
{txt}
{com}. adftest gdple
{err}invalid syntax
{txt}{search r(198), local:r(198);}

end of do-file

{search r(198), local:r(198);}

{com}. save "C:\Users\LENIVO\Documents\STATA_Scripts\health_research\mainfile.dta"
{txt}{p 0 4 2}
file {bf}
C:\Users\LENIVO\Documents\STATA_Scripts\health_research\mainfile.dta{rm}
saved
{p_end}

{com}. exit, clear
